书目	n
信息	n
信息处理	n
客观信息	n
广义信息	n
主题语言模型	n
信息	n
垂直搜索	n
数据采集	n
文件管理	n
文档检索	n
档案	n
检索系统	n
简述	n
网络搜索	n
资料存储	n
资料管理	n
资源共享	n
问题分析	n
阅读器	n
API	n
Gopher	n
ISBD	n
一次情报	n
三次情报	n
上下文检索	n
专业情报网	n
专业科技情报所	n
专书索引	n
专利信息	n
专利情报	n
专利技术情报	n
专利	n
专利说明	n
专卖权	n
专家报告	n
专指度控制	n
专科叙词表	n
专门档案馆	n
专门藏书	n
专题档案指南	n
专题检索	n
专题检索服务	n
专题目录	n
世界能源数据系统	n
业务档案	n
个人关系	n
中国医学文摘	n
书目	n
中国图书馆图书分类法	n
中国科学院图书分类法	n
中图分类法	n
中图资料分类法	n
中学图书馆	n
主题分析	n
主题款目	n
主题法	n
主题目录	n
主题索引	n
主题表	n
主题词	n
主题词标引	n
主题词法	n
主题词表	n
书信集	n
书名目录	n
书名索引	n
题录索引	n
书后索引	n
书本式目录	n
书本式索引	n
书架作为索引	n
书架导标	n
书架排列	n
书目情报	n
书目服务社	n
书目索引	n
书目编制	n
书稿档案	n
书评索引	n
事实检索	n
二次情报	n
交互参照	n
交换语言	n
产品技术档案	n
人大分类法	n
人工检索	n
人物档案	n
代码语言	n
件号	n
企业情报	n
企业档案	n
企业档案馆	n
会议论文	n
传播过程	n
低温杀虫	n
体系组配分类法	n
体育档案	n
保卫档案分类信息	n
保护技术	n
保持上下文索引	n
保留上下文索引	n
保管期限	n
信息人员	n
信息存贮	n
信息工程师信息报导	n
信息文献工作	n
信息渠道	n
信息社会	n
信息需求	n
修正检索	n
像片档案	n
元词法	n
元词表	n
先组	n
先组度控制	n
先组索引	n
光学比孔系统	n
光电检索法	n
光盘检索	n
党政档案	n
入口词	n
全宗介绍	n
全宗卷	n
全宗历史档案	n
全宗号	n
全宗指南	n
全宗文件目录	n
全幅面曝光	n
全引目录	n
八路军档案	n
公共档案	n
公安档案	n
公开信息	n
公开情报	n
公开资料	n
公式汇编	n
公文编号	n
关系号	n
关键词和题名索引	n
关键词标引	n
关键词索引	n
关键词语言	n
内容提要	n
内部情报	n
冒号分类法	n
军事标准军事档案	n
军事档案馆	n
军港档案	n
农业图书馆	n
农业情报系统	n
农业档案	n
准同义词	n
出版物档案	n
出版项	n
分析―综合分类体系	n
分析目录学	n
分段制标记	n
分类主题一体化词表	n
分类体系	n
分类员	n
分类标记	n
分类检索语言	n
分类法	n
分类法/叙词表系统	n
/分类目录	n
分类索引	n
分级输出	n
分面分析	n
分面分类体系	n
分面分类法	n
刮板清洁	n
副卷	n
副标题	n
副研究馆员	n
加密文件	n
动态信息	n
助记性标记	n
化学情报系统	n
化学杀虫	n
化学降湿	n
区分全宗	n
医学信息	n
医学图书馆	n
医学情报系统	n
医学档案	n
医疗卫生档案	n
医疗记录情报系统	n
十进位分类法	n
单元款目	n
单元词	n
单元词索引	n
单纯标记	n
单行本	n
单语种叙词表	n
卡片服务社	n
卡片目录柜	n
卷内文件目录	n
卷式缩微品	n
历史目录学	n
压力定影	n
参照代码	n
参照系统	n
参考工作	n
参考工具	n
受控检索语言	n
受控语言	n
叙词	n
叙词标引	n
叙词表	n
叙词表编制	n
口述档案	n
古代档案	n
古佚书	n
古旧书	n
句对句翻译	n
句法关系	n
句法控制	n
司法档案	n
同义词	n
同义词控制	n
同形异义词	n
名称目录	n
名称索引	n
后控词表	n
后组	n
吸热降温	n
商业情报	n
四库分类法	n
回归制标记	n
回溯建库	n
回溯性检索	n
回溯性检索服务机构	n
回溯检索	n
固定信息	n
国会图书馆分类法	n
国内科技情报	n
国内统一刊号	n
国家信息系统	n
国家情报/图书馆组织	n
国家情报系统	n
国家科技情报所	n
国防工程档案	n
国防科技情报	n
国际书目	n
国际十进位分类法	n
国际十进分类法	n
国际图书馆协会联合会	n
国际情报系统	n
国际标准书号	n
国际标准刊号	n
国际档案大会	n
国际档案理事会	n
国际联机检索	n
图书专业技术职务	n
图书产量	n
图书分类法	n
图书利用率	n
图书发行	n
图书学	n
图书情报一体化	n
图书收集	n
图书标引	n
图书索引	n
图书缩微胶卷	n
图书缩微胶片	n
图书获取	n
图书馆业务标准化	n
图书馆事业	n
图书馆事业史	n
图书馆学会	n
图书馆学和情报学	n
图书馆工作	n
图书馆工作集中化	n
图书馆开馆时间	n
图书馆成果	n
图书馆搬运工人	n
图书馆收费	n
图书馆政策	n
图书馆标准	n
图书馆标准化	n
图书馆现代化	n
图书馆目录	n
图书馆目录转换	n
图书馆研究室	n
图书馆管理	n
图书馆网络化	n
图书馆规章制度	n
图书馆馆址	n
图书馆	n
图书室	n
图纸目录	n
图表显示	n
地区科技情报所	n
地圈档案	n
地方档案	n
城建档案	n
层情报工作	n
层情报机构	n
建档案	n
塑料唱片	n
士兵档案	n
声像档案	n
声象情报	n
复制资料	n
复合词	n
外借收费	n
外借罚款	n
外借逾期	n
外借限期	n
多元等级关系	n
多因素检索	n
多媒体检索系统	n
多语种叙词表	n
多途径检索	n
多重款目	n
大字书	n
大类	n
天一阁	n
太阳能情报资料库	n
孔姆目录	n
字典式目录	n
字母标记	n
字面组配	n
字顺主题目录	n
字顺主题索引	n
字顺分类索引	n
字顺叙词表	n
字顺排列	n
字顺标题表	n
字顺目录	n
学员档案	n
宗教档案馆	n
定题检索	n
定题通报服务机构	n
实物情报	n
实物档案	n
容纳性	n
对照索引	n
小学图书馆	n
层累制标记	n
嵌套短语索引	n
工业信息	n
工业标准分类法	n
工作资料	n
工厂标准	n
工程图书馆	n
工程情报系统	n
工程档案	n
已婚女图书馆员	n
市场情报	n
布立斯分类法	n
干部档案	n
年度索引	n
并置	n
广义词	n
廉价版	n
建库	n
开放型信息系统	n
引导文摘	n
引文索引	n
引用次序	n
录像档案	n
录音带	n
录音档案	n
彩色幻灯片	n
影片档案	n
循环索引	n
性能率	n
图书馆一体化	n
情报一体化	n
图书馆作用	n
情报作用	n
图书馆分散化	n
情报分散化	n
图书馆原理	n
情报原理	n
图书馆原理政策和发展	n
情报原理政策和发展图书馆发展	n
情报发展	n
图书馆合作	n
情报合作	n
图书馆政策	n
情报政策	n
图书馆政策	n
图书馆法规	n
情报法规	n
图书馆目的	n
情报目的	n
图书馆管理	n
情报管理	n
图书馆系统	n
情报系统	n
图书馆网络	n
情报网络	n
图书馆行政	n
情报行政	n
图书馆规划	n
情报规划	n
图书馆计划	n
情报计划	n
图书馆计划和管理	n
情报计划和管理	n
情报事业	n
情报事业史	n
情报交换中心	n
情报产品	n
情报分散	n
情报刊物	n
情报和图书馆	n
情报处理自动化	n
情报存储工具	n
情报存贮	n
情报学蹭	n
情报学会	n
情报室	n
情报工作	n
情报工作标准	n
情报工作标准化	n
情报工作现代化	n
情报工作网络化	n
情报工作集中化	n
情报市场	n
情报成果	n
情报报导	n
情报术语	n
情报档案	n
情报检索工具	n
情报检索系统	n
情报检索系统评价	n
情报检索语言	n
情报检索语言兼容	n
情报检索语言方法	n
情报正式交流	n
情报研究成果	n
情报研究方法	n
情报系统评价	n
情报职能	n
情报资料登记	n
情报载体	n
情报逻辑加工	n
情报逻辑系统	n
情报非正式交流	n
情报预测技术	n
成语词典	n
战备档案箱	n
战犯档案	n
截词	n
截词检索	n
手工组配索引	n
手稿档案	n
批次信息	n
批量查找	n
批量检索	n
技术档案管理	n
技术经济情报	n
技术革新档案	n
拉丁文	n
挂接主题索引	n
指示性文摘	n
挡案害虫	n
排架目录	n
排档	n
排档次序	n
推理规则	n
推荐标准	n
提问分析	n
提问式编写	n
提问档编写	n
插入索引语言	n
政府部门情报系统	n
政府部门档案馆	n
政治情报	n
敌伪政治档案	n
教学课程	n
数字标记	n
数据性资料	n
数据情报	n
数据资料	n
整部关系	n
文书工作	n
文书档案	n
文件编号	n
文化读物	n
文字情报	n
文字检索	n
文学艺术档案	n
文库	n
文摘索引服务社	n
文档组织	n
文档组织	n
文档索引	n
文渊阁	n
文献保证	n
文献分析	n
文献分类法	n
文献查找	n
文献检索工具	n
文献目录	n
文献编号	n
文献评述	n
文献资料	n
文献述评	n
文献述评服务社	n
文秘工作	n
文艺档案	n
文艺读物	n
斯拉夫文	n
新书目录	n
新四军档案	n
新版	n
新闻报道档案	n
族性检索	n
无词法	n
日文	n
明见式索引	n
明软片	n
晒蓝图	n
智能检索系统	n
最大允许沾污量	n
最大允许浓度	n
最终报告	n
朝鲜文	n
期刊管理	n
期刊索引	n
期刊联合目录	n
术语控制	n
机制纸	n
机器检索	n
机器语法	n
机器翻译	n
机编目录	n
机编索引	n
机要档案	n
机读情报	n
杂志期刊	n
杜威十进分类法	n
查全措施	n
查准反馈	n
查准措施	n
查新	n
查新工作	n
标准	n
标准信息	n
标目	n
标记符号	n
标识词	n
标题	n
标题表	n
标题词	n
标题词表	n
核心期刊	n
案卷	n
案卷号	n
案卷标题	n
案卷目录	n
案卷目录号档案专业技术职务	n
档案业务	n
档案代码	n
档案保护	n
档案保护技术	n
档案保管	n
档案信息	n
档案修复	n
档案修复技术	n
档案修裱	n
档案公布	n
档案出版	n
档案利用	n
档案加固	n
档案加固材料	n
档案去酸	n
档案叙词表	n
档案史	n
档案史料	n
档案史料编篡	n
档案史料编纂	n
档案复制	n
档案复制品	n
档案外借	n
档案字迹恢复	n
档案宣传	n
档案室	n
档案展览	n
档案工作人员	n
档案库房温湿度标准	n
档案库房管理	n
档案库房防光	n
档案开放	n
档案收集	n
档案教育	n
档案文献	n
档案有害生物防治	n
档案标引	n
档案检索	n
档案检索工具	n
档案检索系统	n
档案检索语言	n
档案目录中心	n
档案科研	n
档案类型代码	n
档案统计	n
档案编目	n
档案编研	n
档案联合目录	n
档案行政管理	n
档案载体	n
档案载体代码	n
档案进馆	n
档案鉴定	n
档案阅览	n
档案限制利用	n
档案馆指南	n
检全措施	n
检全率	n
检准措施	n
检索代码	n
检索刊物	n
检索后编辑	n
检索成本效益	n
检索技术	n
检索提问	n
检索效率	n
检索效率评价	n
检索方法	n
检索期刊	n
检索期刊索引	n
检索磁带	n
检索策略	n
检索词	n
检索输出	n
检索过程	n
检索阅读器	n
检索需求档	n
概念	n
概念索引语言	n
概念关系图示法	n
概念组配	n
概略分类体系	n
模板复制	n
正卷	n
正文检索	n
正本	n
毛刷清洁	n
气象档案馆	n
水情信息	n
水文档案	n
油料档案	n
法律情报系统	n
法规指南	n
活页目录	n
派出所档案	n
浏览性检索	n
深度标引	n
混合标记	n
湮灭	n
湿式显影	n
漏检	n
热定影	n
热敏复印	n
热辊定影	n
照相复印	n
熏蒸杀虫	n
片式阅读器	n
物理杀虫	n
物理降湿	n
特性检索	n
狭义词	n
狭缝曝光	n
现代图书馆	n
现行机关档案	n
电力系统调度信息	n
电子档案	n
电视新闻检索系统	n
画册	n
目录	n
目录文献	n
目录卡片	n
目录导卡	n
直接标引	n
相关文献总数	n
相关标引	n
相关系	n
相关索引	n
相关词	n
研空馆员	n
磁刷清洁	n
磁带文档	n
磁带服务社	n
磁盘文档	n
社会科学情报	n
社科期刊	n
禁书	n
私人档案	n
私人组织	n
私人藏书	n
私人图书馆	n
科图分类法	n
科学情报	n
科学文献	n
科技信息	n
科技信息系统	n
科技信息网络	n
科技咨询业	n
科技情报科技信息系统	n
科技成果汇编	n
科技电影	n
科技词典	n
科教读物	n
科研机构档案馆	n
秘密情报	n
稀有书	n
稽核项	n
空位词	n
穿孔卡片检索法	n
穿孔卡组配索引	n
立档单位	n
立法档案	n
竞争信息	n
等义关系	n
等级分类体系	n
二次文献	n
简化词表	n
管理信息	n
管理学期刊	n
管理情报	n
管理情报系统	n
管辖	n
篇名目录	n
篇名索引	n
类列	n
类目	n
粉雾显影	n
精确检索	n
系统叙词表	n
索书号	n
索取号	n
索引	n
索引款目	n
索引法	n
索引词	n
索引语言	n
索引语言代码	n
索引语言成分	n
索引语言次序	n
索引语言编制	n
索引语言自动编制	n
索引语言词汇	n
累积索引	n
红军档案	n
纪检档案	n
组配	n
组配概念	n
组配分类法	n
组面	n
细密分类体系	n
经济情报	n
结构型标记	n
统汁资料	n
统计资料	n
维修保养手册	n
综合叙词表	n
综合档案馆	n
综述	n
缩写词典	n
缩微号	n
缩微品检索	n
缩微品阅读器	n
缩微图书	n
缩微复制	n
缩微复印	n
缩微档案	n
缩微目录	n
缩微胶卷目录	n
缩微胶片目录	n
缺氧杀虫	n
美国国会图书分类法	n
群书索引	n
翻译规则系统	n
职号	n
职工档案	n
联号	n
联合档案馆	n
联合目录	n
联机情报处理	n
联机情报检索系统	n
联机情报系统	n
联机检索	n
联机目录	n
聚酯薄膜底	n
胶印复制	n
自动正文分析	n
自然语言检索	n
自然语言检索系统	n
自然语言系统	n
自由词	n
自由语言系统	n
舰艇维修科技档案	n
艺术档案	n
节录	n
英文	n
范例关系	n
范畴索引	n
著者文摘	n
著者权利	n
著者标引	n
著者标目	n
著者目录	n
著者索引	n
藏书家	n
藏书楼	n
藏品编目	n
行政人员	n
表达型标记	n
装备修理档案	n
装备档案	n
装备科技档案	n
装备维修档案	n
西班牙文	n
触点搭接	n
计算机情报检索系统	n
计算机编目录	n
计算机编索引	n
计算机辅助编制	n
计算机输入缩微胶片	n
计算机输出缩微目录	n
订购审批	n
讲义	n
设备档案	n
评述	n
诉讼档案	n
词串	n
词义控制	n
词号	n
词对词翻译	n
词形控制	n
词形混同	n
词族索引	n
词汇控制	n
词汇表	n
词组	n
词表	n
词量控制	n
词间关系	n
词间关系控制	n
词集法	n
词频	n
译文集	n
语义关系	n
语义因素分解	n
语词一览表	n
语词索引	n
说明语	n
读者学	n
调查报告	n
资料处理	n
资料室工作	n
资料档	n
起讫制标记	n
超文本检索系统	n
跳动显影	n
轮排	n
轮排索引	n
辞海	n
辞源	n
近代档案	n
近期情报通报	n
追溯检索	n
选择组配索引	n
通信技术档案	n
逻辑和关系	n
逻辑非关系	n
采访工作	n
重印本	n
重氮显影	n
金属底	n
金融情报	n
铁琴铜剑楼	n
银盐复印	n
链式索引	n
链式索引法	n
防有害气体	n
阿拉伯文	n
附加款目	n
限定词	n
随机检索	n
零次情报	n
静电显影	n
非书刊资料	n
非等级关系	n
顺序制标记	n
顺排档	n
预印本	n
预测性情报	n
预测性研究报告	n
题内关键词索引	n
题名	n
题名标引	n
题名目录	n
题名索引	n
题外关键词索引	n
馆员	n
馆藏档案	n
馆藏法	n
馆藏目录	n
馆际合作	n
首字母缩略词	n
高校档案馆	n
高温杀虫	n
黄色书籍	n